\set ECHO 0
-- You should write your tests
SELECT boolean_cascaded('foo', 'bar');
 boolean_cascaded 
------------------
 (foo,bar)
(1 row)

SELECT 'foo' #? 'bar' AS arrowop;
  arrowop  
-----------
 (foo,bar)
(1 row)

CREATE TABLE ab (
    a_field boolean_cascaded
);
INSERT INTO ab VALUES('foo' #? 'bar');
SELECT (a_field).a, (a_field).b FROM ab;
  a  |  b  
-----+-----
 foo | bar
(1 row)

SELECT (boolean_cascaded('foo', 'bar')).a;
  a  
-----
 foo
(1 row)

SELECT (boolean_cascaded('foo', 'bar')).b;
  b  
-----
 bar
(1 row)

SELECT ('foo' #? 'bar').a;
  a  
-----
 foo
(1 row)

SELECT ('foo' #? 'bar').b;
  b  
-----
 bar
(1 row)

ROLLBACK;
